// Vitest Snapshot v1

exports[`functional:plugins/tsconfig-paths > .setup > should send error message if tsconfig is not found 1`] = `
{
  "errors": [
    {
      "pluginName": "tsconfig-paths",
      "text": "tsconfig not found",
    },
  ],
}
`;
