// Vitest Snapshot v1, https://vitest.dev/guide/snapshot.html

exports[`unit:internal/gitignore > should return set containing .gitignore ignore patterns 1`] = `
Set {
  "**/._*",
  "**/.DS_*",
  "**/node_modules/",
  "*.log",
  "*.pid",
  "*.pid.lock",
  "*.seed",
  "*.tgz",
  "*.zip",
  ".npm",
  ".yarn-integrity",
  "logs",
  "npm-debug.log*",
  "pids",
  "report.[0-9]*.[0-9]*.[0-9]*.[0-9]*.json",
  "yarn-debug.log*",
  "yarn-error.log*",
  ".pnp.*",
  ".yarn/*",
  "**/.env",
  "**/.env*.local",
  "**/.env.repo",
  "*.tsbuildinfo",
  "**/*config.*.timestamp*",
  "**/__tests__/report.json",
  "**/coverage/",
  "**/tsconfig*temp.json",
  "*.lcov",
  "codecov",
  "**/.eslintcache",
  "**/.temp/",
  "**/dist/",
  "**/RELEASE_NOTES.md",
  "**/.vercel/",
  "**/scratch.*",
}
`;
