// Vitest Snapshot v1, https://vitest.dev/guide/snapshot.html

exports[`unit:utils/analyzeOutputs > should return build analysis object 1`] = `
"  [1mdist[22m (total size: [36m4.48 kB[39m)
[90m  â””â”€ dist/index.d.mts (86 B)[39m
[90m  â””â”€ dist/index.mjs (30 B)[39m
[90m  â””â”€ dist/interfaces/entry.d.mts (342 B)[39m
[90m  â””â”€ dist/interfaces/entry.mjs (0 B)[39m
[90m  â””â”€ dist/interfaces/index.d.mts (342 B)[39m
[90m  â””â”€ dist/interfaces/index.mjs (0 B)[39m
[90m  â””â”€ dist/interfaces/result.d.mts (1.21 kB)[39m
[90m  â””â”€ dist/interfaces/result.mjs (0 B)[39m
[90m  â””â”€ dist/interfaces/source-file.d.mts (583 B)[39m
[90m  â””â”€ dist/interfaces/source-file.mjs (0 B)[39m
[90m  â””â”€ dist/interfaces/statement.d.mts (686 B)[39m
[90m  â””â”€ dist/interfaces/statement.mjs (0 B)[39m
[90m  â””â”€ dist/utils/analyze-outputs.d.mts (626 B)[39m
[90m  â””â”€ dist/utils/analyze-outputs.mjs (575 B)[39m"
`;
