// Vitest Snapshot v1, https://vitest.dev/guide/snapshot.html

exports[`unit:utils/gitignore > should return list of ignore patterns 1`] = `
Set {
  "**/._*",
  "**/.DS_*",
  "**/node_modules/**",
  "*.log",
  "*.pid",
  "*.pid.lock",
  "*.seed",
  "*.tgz",
  "*.zip",
  ".npm",
  ".yarn-integrity",
  "logs",
  "npm-debug.log*",
  "pids",
  "report.[0-9]*.[0-9]*.[0-9]*.[0-9]*.json",
  "yarn-debug.log*",
  "yarn-error.log*",
  ".pnp.*",
  ".yarn/*",
  "**/.env",
  "**/.env*.local",
  "**/.env.repo",
  "*.tsbuildinfo",
  "**/.vitest-reports/**",
  "**/__tests__/reports/*",
  "**/coverage/**",
  "**/tsconfig*temp.json",
  "*.lcov",
  "codecov",
  "**/.eslintcache",
  "**/dist/**",
  "**/*config.*.timestamp*",
  "**/.temp/**",
}
`;
