// Vitest Snapshot v1, https://vitest.dev/guide/snapshot.html

exports[`unit:plugins/dts > should return plugin 1`] = `
{
  "generateBundle": [Function generateBundle],
  "name": "mkbuild:dts",
  "renderStart": [Function renderStart],
}
`;
